// Jest Snapshot v1, https://goo.gl/fbAQLP

exports[`Books component should render correctly 1`] = `
<ul
  className="Books__descriptionCards"
>
  <mock-book-component
    book={
      Object {
        "authors": Array [
          "George R. R. Martin",
        ],
        "characters": Array [
          "https://anapioficeandfire.com/api/characters/2",
          "https://anapioficeandfire.com/api/characters/12",
          "https://anapioficeandfire.com/api/characters/13",
          "https://anapioficeandfire.com/api/characters/16",
          "https://anapioficeandfire.com/api/characters/20",
          "https://anapioficeandfire.com/api/characters/27",
          "https://anapioficeandfire.com/api/characters/31",
        ],
        "country": "United States",
        "isbn": "978-0553103540",
        "mediaType": "Hardcover",
        "name": "A Game of Thrones",
        "numberOfPages": 694,
        "povCharacters": Array [
          "https://anapioficeandfire.com/api/characters/148",
          "https://anapioficeandfire.com/api/characters/208",
          "https://anapioficeandfire.com/api/characters/232",
          "https://anapioficeandfire.com/api/characters/339",
        ],
        "publisher": "Bantam Books",
        "released": "1996-08-01T00:00:00",
        "url": "https://anapioficeandfire.com/api/books/1",
      }
    }
  />
  <mock-book-component
    book={
      Object {
        "authors": Array [
          "George R. R. Martin",
        ],
        "characters": Array [
          "https://anapioficeandfire.com/api/characters/2",
          "https://anapioficeandfire.com/api/characters/12",
          "https://anapioficeandfire.com/api/characters/13",
          "https://anapioficeandfire.com/api/characters/16",
        ],
        "country": "United States",
        "isbn": "978-0553108033",
        "mediaType": "Hardback",
        "name": "A Clash of Kings",
        "numberOfPages": 768,
        "povCharacters": Array [
          "https://anapioficeandfire.com/api/characters/148",
          "https://anapioficeandfire.com/api/characters/208",
          "https://anapioficeandfire.com/api/characters/232",
          "https://anapioficeandfire.com/api/characters/583",
        ],
        "publisher": "Bantam Books",
        "released": "1999-02-02T00:00:00",
        "url": "https://anapioficeandfire.com/api/books/2",
      }
    }
  />
  <mock-book-component
    book={
      Object {
        "authors": Array [
          "George R. R. Martin",
        ],
        "characters": Array [
          "https://anapioficeandfire.com/api/characters/2",
          "https://anapioficeandfire.com/api/characters/3",
          "https://anapioficeandfire.com/api/characters/7",
          "https://anapioficeandfire.com/api/characters/12",
          "https://anapioficeandfire.com/api/characters/13",
          "https://anapioficeandfire.com/api/characters/16",
          "https://anapioficeandfire.com/api/characters/20",
        ],
        "country": "United States",
        "isbn": "978-0553106633",
        "mediaType": "Hardcover",
        "name": "A Storm of Swords",
        "numberOfPages": 992,
        "povCharacters": Array [
          "https://anapioficeandfire.com/api/characters/148",
          "https://anapioficeandfire.com/api/characters/208",
          "https://anapioficeandfire.com/api/characters/232",
          "https://anapioficeandfire.com/api/characters/529",
        ],
        "publisher": "Bantam Books",
        "released": "2000-10-31T00:00:00",
        "url": "https://anapioficeandfire.com/api/books/3",
      }
    }
  />
</ul>
`;
