// Jest Snapshot v1, https://goo.gl/fbAQLP

exports[`Characters component should render correctly 1`] = `"Chargement..."`;
