// Jest Snapshot v1, https://goo.gl/fbAQLP

exports[`App component should render correctly 1`] = `
<div
  className="App"
>
  <div
    className="MuiGrid-root MuiGrid-container MuiGrid-spacing-xs-3"
  >
    <div
      className="MuiGrid-root MuiGrid-item MuiGrid-grid-xs-12"
    >
      <h2
        className="MuiTypography-root App-Typography MuiTypography-h4 MuiTypography-gutterBottom"
      >
        ABBEAL - React Training Front Perfomed By Beauclair BILONG
      </h2>
    </div>
    <div
      className="MuiGrid-root MuiGrid-item MuiGrid-grid-xs-12"
    >
      <mock-books-component
        books={Array []}
      />
    </div>
  </div>
</div>
`;
